// Jest Snapshot v1, https://goo.gl/fbAQLP

exports[`renders response table with an editSchema specified instead of a group assign 1`] = `
<div>
  <button
    class="btn btn-outline-primary"
  >
    Download CSV
  </button>
  <div
    class="ReactTable"
  >
    <div
      class="rt-table"
      role="grid"
    >
      <div
        class="rt-thead -header"
        style="min-width:100px"
      >
        <div
          class="rt-tr"
          role="row"
        >
          <div
            class="rt-th ccmt-cff-no-click rt-resizable-header -cursor-pointer"
            role="columnheader"
            style="flex:100 0 auto;width:100px"
            tabindex="-1"
          >
            <div
              class="rt-resizable-header-content"
            >
              Class
            </div>
            <div
              class="rt-resizer"
            />
          </div>
        </div>
      </div>
      <div
        class="rt-thead -filters"
        style="min-width:100px"
      >
        <div
          class="rt-tr"
          role="row"
        >
          <div
            class="rt-th ccmt-cff-no-click"
            role="columnheader"
            style="flex:100 0 auto;width:100px"
            tabindex="-1"
          >
            <div
              class="rjsf"
            >
              <div
                class="form-group field field-string"
              >
                <select
                  class="form-control"
                  id="root"
                >
                  <option
                    selected=""
                    value=""
                  >
                    All
                  </option>
                  <option
                    value="CFF_FILTER_DEFINED"
                  >
                    Defined
                  </option>
                  <option
                    value="CFF_FILTER_NONE"
                  >
                    None
                  </option>
                  <option
                    value="v1"
                  >
                    AAA
                  </option>
                  <option
                    value="v2"
                  >
                    BBB
                  </option>
                  <option
                    value="v3"
                  >
                    CCC
                  </option>
                </select>
              </div>
              <div
                class="d-none"
              />
            </div>
          </div>
        </div>
      </div>
      <div
        class="rt-tbody"
        style="min-width:100px"
      >
        <div
          class="rt-tr-group"
          role="rowgroup"
        >
          <div
            class="rt-tr -odd"
            role="row"
          >
            <div
              class="rt-td"
              role="gridcell"
              style="flex:100 0 auto;width:100px"
            >
              <div
                class="rjsf"
              >
                <div
                  class="form-group field field-string"
                >
                  <select
                    class="form-control"
                    id="root"
                  >
                    <option
                      value=""
                    />
                    <option
                      value="v1"
                    >
                      AAA
                    </option>
                    <option
                      value="v2"
                    >
                      BBB
                    </option>
                    <option
                      value="v3"
                    >
                      CCC
                    </option>
                  </select>
                </div>
                <div
                  class="d-none"
                />
              </div>
            </div>
          </div>
        </div>
        <div
          class="rt-tr-group"
          role="rowgroup"
        >
          <div
            class="rt-tr -even"
            role="row"
          >
            <div
              class="rt-td"
              role="gridcell"
              style="flex:100 0 auto;width:100px"
            >
              <div
                class="rjsf"
              >
                <div
                  class="form-group field field-string"
                >
                  <select
                    class="form-control"
                    id="root"
                  >
                    <option
                      value=""
                    />
                    <option
                      value="v1"
                    >
                      AAA
                    </option>
                    <option
                      value="v2"
                    >
                      BBB
                    </option>
                    <option
                      value="v3"
                    >
                      CCC
                    </option>
                  </select>
                </div>
                <div
                  class="d-none"
                />
              </div>
            </div>
          </div>
        </div>
      </div>
    </div>
    <div
      class="pagination-bottom"
    >
      <div
        class="-pagination"
      >
        <div
          class="-previous"
        >
          <button
            class="-btn"
            disabled=""
            type="button"
          >
            Previous
          </button>
        </div>
        <div
          class="-center"
        >
          <span
            class="-pageInfo"
          >
            Page 
            <div
              class="-pageJump"
            >
              <input
                aria-label="jump to page"
                type="number"
                value="1"
              />
            </div>
             of 
            <span
              class="-totalPages"
            >
              1
            </span>
          </span>
          <span
            class="select-wrap -pageSizeOptions"
          >
            <select
              aria-label="rows per page"
            >
              <option
                value="5"
              >
                5 rows
              </option>
              <option
                value="10"
              >
                10 rows
              </option>
              <option
                selected=""
                value="20"
              >
                20 rows
              </option>
              <option
                value="25"
              >
                25 rows
              </option>
              <option
                value="50"
              >
                50 rows
              </option>
              <option
                value="100"
              >
                100 rows
              </option>
            </select>
          </span>
        </div>
        <div
          class="-next"
        >
          <button
            class="-btn"
            disabled=""
            type="button"
          >
            Next
          </button>
        </div>
      </div>
    </div>
    <div
      class="-loading"
    >
      <div
        class="-loading-inner"
      >
        Loading...
      </div>
    </div>
  </div>
</div>
`;

exports[`renders response table with an undefined group assign 1`] = `
<div>
  <button
    class="btn btn-outline-primary"
  >
    Download CSV
  </button>
  <div
    class="ReactTable"
  >
    <div
      class="rt-table"
      role="grid"
    >
      <div
        class="rt-thead -header"
        style="min-width:300px"
      >
        <div
          class="rt-tr"
          role="row"
        >
          <div
            class="rt-th rt-resizable-header -cursor-pointer"
            role="columnheader"
            style="flex:100 0 auto;width:100px"
            tabindex="-1"
          >
            <div
              class="rt-resizable-header-content"
            >
              Name
            </div>
            <div
              class="rt-resizer"
            />
          </div>
          <div
            class="rt-th rt-resizable-header -cursor-pointer"
            role="columnheader"
            style="flex:100 0 auto;width:100px"
            tabindex="-1"
          >
            <div
              class="rt-resizable-header-content"
            >
              Grade
            </div>
            <div
              class="rt-resizer"
            />
          </div>
          <div
            class="rt-th ccmt-cff-no-click rt-resizable-header -cursor-pointer"
            role="columnheader"
            style="flex:100 0 auto;width:100px"
            tabindex="-1"
          >
            <div
              class="rt-resizable-header-content"
            >
              Class
            </div>
            <div
              class="rt-resizer"
            />
          </div>
        </div>
      </div>
      <div
        class="rt-thead -filters"
        style="min-width:300px"
      >
        <div
          class="rt-tr"
          role="row"
        >
          <div
            class="rt-th"
            role="columnheader"
            style="flex:100 0 auto;width:100px"
            tabindex="-1"
          >
            <input
              style="width:100%"
              type="text"
              value=""
            />
          </div>
          <div
            class="rt-th"
            role="columnheader"
            style="flex:100 0 auto;width:100px"
            tabindex="-1"
          >
            <div
              class="rjsf"
            >
              <div
                class="form-group field field-undefined"
              >
                <select
                  class="form-control"
                  id="root"
                >
                  <option
                    selected=""
                    value=""
                  >
                    All
                  </option>
                  <option
                    value="CFF_FILTER_NONE"
                  >
                    None
                  </option>
                  <option
                    value="CFF_FILTER_DEFINED"
                  >
                    Defined
                  </option>
                  <option
                    value="Toddler"
                  >
                    Toddler
                  </option>
                  <option
                    value="Pre K"
                  >
                    Pre K
                  </option>
                  <option
                    value="KG"
                  >
                    KG
                  </option>
                  <option
                    value="1"
                  >
                    1
                  </option>
                  <option
                    value="2"
                  >
                    2
                  </option>
                  <option
                    value="3"
                  >
                    3
                  </option>
                  <option
                    value="4"
                  >
                    4
                  </option>
                  <option
                    value="5"
                  >
                    5
                  </option>
                  <option
                    value="6"
                  >
                    6
                  </option>
                  <option
                    value="7"
                  >
                    7
                  </option>
                  <option
                    value="8"
                  >
                    8
                  </option>
                  <option
                    value="9"
                  >
                    9
                  </option>
                  <option
                    value="10"
                  >
                    10
                  </option>
                  <option
                    value="11"
                  >
                    11
                  </option>
                  <option
                    value="12"
                  >
                    12
                  </option>
                </select>
              </div>
              <div
                class="d-none"
              />
            </div>
          </div>
          <div
            class="rt-th ccmt-cff-no-click"
            role="columnheader"
            style="flex:100 0 auto;width:100px"
            tabindex="-1"
          >
            <div
              class="rjsf"
            >
              <div
                class="form-group field field-string"
              >
                <select
                  class="form-control"
                  id="root"
                >
                  <option
                    selected=""
                    value=""
                  >
                    All
                  </option>
                  <option
                    value="CFF_FILTER_DEFINED"
                  >
                    Defined
                  </option>
                  <option
                    value="CFF_FILTER_NONE"
                  >
                    None
                  </option>
                  <option
                    value="CLASS1"
                  >
                    Class Name One
                  </option>
                  <option
                    value="CLASS2"
                  >
                    Class Name Two
                  </option>
                </select>
              </div>
              <div
                class="d-none"
              />
            </div>
          </div>
        </div>
      </div>
      <div
        class="rt-tbody"
        style="min-width:300px"
      >
        <div
          class="rt-tr-group"
          role="rowgroup"
        >
          <div
            class="rt-tr -odd"
            role="row"
          >
            <div
              class="rt-td"
              role="gridcell"
              style="flex:100 0 auto;width:100px"
            >
              ash2 ram
            </div>
            <div
              class="rt-td"
              role="gridcell"
              style="flex:100 0 auto;width:100px"
            >
              Toddler
            </div>
            <div
              class="rt-td"
              role="gridcell"
              style="flex:100 0 auto;width:100px"
            >
              <div
                class="rjsf"
              >
                <div
                  class="form-group field field-string"
                >
                  <select
                    class="form-control"
                    id="root"
                  >
                    <option
                      value=""
                    />
                    <option
                      value="CLASS1"
                    >
                      Class Name One
                    </option>
                    <option
                      selected=""
                      value="CLASS2"
                    >
                      Class Name Two
                    </option>
                  </select>
                </div>
                <div
                  class="d-none"
                />
              </div>
            </div>
          </div>
        </div>
        <div
          class="rt-tr-group"
          role="rowgroup"
        >
          <div
            class="rt-tr -even"
            role="row"
          >
            <div
              class="rt-td"
              role="gridcell"
              style="flex:100 0 auto;width:100px"
            >
              ash ram
            </div>
            <div
              class="rt-td"
              role="gridcell"
              style="flex:100 0 auto;width:100px"
            >
              Pre K
            </div>
            <div
              class="rt-td"
              role="gridcell"
              style="flex:100 0 auto;width:100px"
            >
              <div
                class="rjsf"
              >
                <div
                  class="form-group field field-string"
                >
                  <select
                    class="form-control"
                    id="root"
                  >
                    <option
                      value=""
                    />
                    <option
                      selected=""
                      value="CLASS1"
                    >
                      Class Name One
                    </option>
                    <option
                      value="CLASS2"
                    >
                      Class Name Two
                    </option>
                  </select>
                </div>
                <div
                  class="d-none"
                />
              </div>
            </div>
          </div>
        </div>
      </div>
    </div>
    <div
      class="pagination-bottom"
    >
      <div
        class="-pagination"
      >
        <div
          class="-previous"
        >
          <button
            class="-btn"
            disabled=""
            type="button"
          >
            Previous
          </button>
        </div>
        <div
          class="-center"
        >
          <span
            class="-pageInfo"
          >
            Page 
            <div
              class="-pageJump"
            >
              <input
                aria-label="jump to page"
                type="number"
                value="1"
              />
            </div>
             of 
            <span
              class="-totalPages"
            >
              1
            </span>
          </span>
          <span
            class="select-wrap -pageSizeOptions"
          >
            <select
              aria-label="rows per page"
            >
              <option
                value="5"
              >
                5 rows
              </option>
              <option
                value="10"
              >
                10 rows
              </option>
              <option
                selected=""
                value="20"
              >
                20 rows
              </option>
              <option
                value="25"
              >
                25 rows
              </option>
              <option
                value="50"
              >
                50 rows
              </option>
              <option
                value="100"
              >
                100 rows
              </option>
            </select>
          </span>
        </div>
        <div
          class="-next"
        >
          <button
            class="-btn"
            disabled=""
            type="button"
          >
            Next
          </button>
        </div>
      </div>
    </div>
    <div
      class="-loading"
    >
      <div
        class="-loading-inner"
      >
        Loading...
      </div>
    </div>
  </div>
</div>
`;

exports[`renders response table with default filter 1`] = `
<div>
  <button
    class="btn btn-outline-primary"
  >
    Download CSV
  </button>
  <div
    class="ReactTable"
  >
    <div
      class="rt-table"
      role="grid"
    >
      <div
        class="rt-thead -header"
        style="min-width:100px"
      >
        <div
          class="rt-tr"
          role="row"
        >
          <div
            class="rt-th ccmt-cff-no-click rt-resizable-header -cursor-pointer"
            role="columnheader"
            style="flex:100 0 auto;width:100px"
            tabindex="-1"
          >
            <div
              class="rt-resizable-header-content"
            >
              Class
            </div>
            <div
              class="rt-resizer"
            />
          </div>
        </div>
      </div>
      <div
        class="rt-thead -filters"
        style="min-width:100px"
      >
        <div
          class="rt-tr"
          role="row"
        >
          <div
            class="rt-th ccmt-cff-no-click"
            role="columnheader"
            style="flex:100 0 auto;width:100px"
            tabindex="-1"
          />
        </div>
      </div>
      <div
        class="rt-tbody"
        style="min-width:100px"
      >
        <div
          class="rt-tr-group"
          role="rowgroup"
        >
          <div
            class="rt-tr -odd"
            role="row"
          >
            <div
              class="rt-td"
              role="gridcell"
              style="flex:100 0 auto;width:100px"
            >
              <div
                class="rjsf"
              >
                <div
                  class="form-group field field-string"
                >
                  <select
                    class="form-control"
                    id="root"
                  >
                    <option
                      value=""
                    />
                    <option
                      value="CLASS1"
                    >
                      Class Name One
                    </option>
                    <option
                      selected=""
                      value="CLASS2"
                    >
                      Class Name Two
                    </option>
                  </select>
                </div>
                <div
                  class="d-none"
                />
              </div>
            </div>
          </div>
        </div>
        <div
          class="rt-tr-group"
          role="rowgroup"
        >
          <div
            class="rt-tr -even"
            role="row"
          >
            <div
              class="rt-td"
              role="gridcell"
              style="flex:100 0 auto;width:100px"
            >
              <div
                class="rjsf"
              >
                <div
                  class="form-group field field-string"
                >
                  <select
                    class="form-control"
                    id="root"
                  >
                    <option
                      value=""
                    />
                    <option
                      selected=""
                      value="CLASS1"
                    >
                      Class Name One
                    </option>
                    <option
                      value="CLASS2"
                    >
                      Class Name Two
                    </option>
                  </select>
                </div>
                <div
                  class="d-none"
                />
              </div>
            </div>
          </div>
        </div>
      </div>
    </div>
    <div
      class="pagination-bottom"
    >
      <div
        class="-pagination"
      >
        <div
          class="-previous"
        >
          <button
            class="-btn"
            disabled=""
            type="button"
          >
            Previous
          </button>
        </div>
        <div
          class="-center"
        >
          <span
            class="-pageInfo"
          >
            Page 
            <div
              class="-pageJump"
            >
              <input
                aria-label="jump to page"
                type="number"
                value="1"
              />
            </div>
             of 
            <span
              class="-totalPages"
            >
              1
            </span>
          </span>
          <span
            class="select-wrap -pageSizeOptions"
          >
            <select
              aria-label="rows per page"
            >
              <option
                value="5"
              >
                5 rows
              </option>
              <option
                value="10"
              >
                10 rows
              </option>
              <option
                selected=""
                value="20"
              >
                20 rows
              </option>
              <option
                value="25"
              >
                25 rows
              </option>
              <option
                value="50"
              >
                50 rows
              </option>
              <option
                value="100"
              >
                100 rows
              </option>
            </select>
          </span>
        </div>
        <div
          class="-next"
        >
          <button
            class="-btn"
            disabled=""
            type="button"
          >
            Next
          </button>
        </div>
      </div>
    </div>
    <div
      class="-loading"
    >
      <div
        class="-loading-inner"
      >
        Loading...
      </div>
    </div>
  </div>
</div>
`;

exports[`renders response table with extra columns from the group 1`] = `
<div>
  <button
    class="btn btn-outline-primary"
  >
    Download CSV
  </button>
  <div
    class="ReactTable"
  >
    <div
      class="rt-table"
      role="grid"
    >
      <div
        class="rt-thead -header"
        style="min-width:400px"
      >
        <div
          class="rt-tr"
          role="row"
        >
          <div
            class="rt-th rt-resizable-header -cursor-pointer"
            role="columnheader"
            style="flex:100 0 auto;width:100px"
            tabindex="-1"
          >
            <div
              class="rt-resizable-header-content"
            >
              Name
            </div>
            <div
              class="rt-resizer"
            />
          </div>
          <div
            class="rt-th rt-resizable-header -cursor-pointer"
            role="columnheader"
            style="flex:100 0 auto;width:100px"
            tabindex="-1"
          >
            <div
              class="rt-resizable-header-content"
            >
              Grade
            </div>
            <div
              class="rt-resizer"
            />
          </div>
          <div
            class="rt-th rt-resizable-header -cursor-pointer"
            role="columnheader"
            style="flex:100 0 auto;width:100px"
            tabindex="-1"
          >
            <div
              class="rt-resizable-header-content"
            >
              Class Name
            </div>
            <div
              class="rt-resizer"
            />
          </div>
          <div
            class="rt-th rt-resizable-header -cursor-pointer"
            role="columnheader"
            style="flex:100 0 auto;width:100px"
            tabindex="-1"
          >
            <div
              class="rt-resizable-header-content"
            >
              Class Room
            </div>
            <div
              class="rt-resizer"
            />
          </div>
        </div>
      </div>
      <div
        class="rt-thead -filters"
        style="min-width:400px"
      >
        <div
          class="rt-tr"
          role="row"
        >
          <div
            class="rt-th"
            role="columnheader"
            style="flex:100 0 auto;width:100px"
            tabindex="-1"
          >
            <input
              style="width:100%"
              type="text"
              value=""
            />
          </div>
          <div
            class="rt-th"
            role="columnheader"
            style="flex:100 0 auto;width:100px"
            tabindex="-1"
          >
            <div
              class="rjsf"
            >
              <div
                class="form-group field field-undefined"
              >
                <select
                  class="form-control"
                  id="root"
                >
                  <option
                    selected=""
                    value=""
                  >
                    All
                  </option>
                  <option
                    value="CFF_FILTER_NONE"
                  >
                    None
                  </option>
                  <option
                    value="CFF_FILTER_DEFINED"
                  >
                    Defined
                  </option>
                  <option
                    value="Toddler"
                  >
                    Toddler
                  </option>
                  <option
                    value="Pre K"
                  >
                    Pre K
                  </option>
                  <option
                    value="KG"
                  >
                    KG
                  </option>
                  <option
                    value="1"
                  >
                    1
                  </option>
                  <option
                    value="2"
                  >
                    2
                  </option>
                  <option
                    value="3"
                  >
                    3
                  </option>
                  <option
                    value="4"
                  >
                    4
                  </option>
                  <option
                    value="5"
                  >
                    5
                  </option>
                  <option
                    value="6"
                  >
                    6
                  </option>
                  <option
                    value="7"
                  >
                    7
                  </option>
                  <option
                    value="8"
                  >
                    8
                  </option>
                  <option
                    value="9"
                  >
                    9
                  </option>
                  <option
                    value="10"
                  >
                    10
                  </option>
                  <option
                    value="11"
                  >
                    11
                  </option>
                  <option
                    value="12"
                  >
                    12
                  </option>
                </select>
              </div>
              <div
                class="d-none"
              />
            </div>
          </div>
          <div
            class="rt-th"
            role="columnheader"
            style="flex:100 0 auto;width:100px"
            tabindex="-1"
          />
          <div
            class="rt-th"
            role="columnheader"
            style="flex:100 0 auto;width:100px"
            tabindex="-1"
          />
        </div>
      </div>
      <div
        class="rt-tbody"
        style="min-width:400px"
      >
        <div
          class="rt-tr-group"
          role="rowgroup"
        >
          <div
            class="rt-tr -odd"
            role="row"
          >
            <div
              class="rt-td"
              role="gridcell"
              style="flex:100 0 auto;width:100px"
            >
              ash2 ram
            </div>
            <div
              class="rt-td"
              role="gridcell"
              style="flex:100 0 auto;width:100px"
            >
              Toddler
            </div>
            <div
              class="rt-td"
              role="gridcell"
              style="flex:100 0 auto;width:100px"
            >
              Class Name Two
            </div>
            <div
              class="rt-td"
              role="gridcell"
              style="flex:100 0 auto;width:100px"
            >
              Class Room Two
            </div>
          </div>
        </div>
        <div
          class="rt-tr-group"
          role="rowgroup"
        >
          <div
            class="rt-tr -even"
            role="row"
          >
            <div
              class="rt-td"
              role="gridcell"
              style="flex:100 0 auto;width:100px"
            >
              ash ram
            </div>
            <div
              class="rt-td"
              role="gridcell"
              style="flex:100 0 auto;width:100px"
            >
              Pre K
            </div>
            <div
              class="rt-td"
              role="gridcell"
              style="flex:100 0 auto;width:100px"
            >
              Class Name One
            </div>
            <div
              class="rt-td"
              role="gridcell"
              style="flex:100 0 auto;width:100px"
            >
              Class Room One
            </div>
          </div>
        </div>
      </div>
    </div>
    <div
      class="pagination-bottom"
    >
      <div
        class="-pagination"
      >
        <div
          class="-previous"
        >
          <button
            class="-btn"
            disabled=""
            type="button"
          >
            Previous
          </button>
        </div>
        <div
          class="-center"
        >
          <span
            class="-pageInfo"
          >
            Page 
            <div
              class="-pageJump"
            >
              <input
                aria-label="jump to page"
                type="number"
                value="1"
              />
            </div>
             of 
            <span
              class="-totalPages"
            >
              1
            </span>
          </span>
          <span
            class="select-wrap -pageSizeOptions"
          >
            <select
              aria-label="rows per page"
            >
              <option
                value="5"
              >
                5 rows
              </option>
              <option
                value="10"
              >
                10 rows
              </option>
              <option
                selected=""
                value="20"
              >
                20 rows
              </option>
              <option
                value="25"
              >
                25 rows
              </option>
              <option
                value="50"
              >
                50 rows
              </option>
              <option
                value="100"
              >
                100 rows
              </option>
            </select>
          </span>
        </div>
        <div
          class="-next"
        >
          <button
            class="-btn"
            disabled=""
            type="button"
          >
            Next
          </button>
        </div>
      </div>
    </div>
    <div
      class="-loading"
    >
      <div
        class="-loading-inner"
      >
        Loading...
      </div>
    </div>
  </div>
</div>
`;

exports[`renders response table with group assign 1`] = `
<div>
  <button
    class="btn btn-outline-primary"
  >
    Download CSV
  </button>
  <div
    class="ReactTable"
  >
    <div
      class="rt-table"
      role="grid"
    >
      <div
        class="rt-thead -header"
        style="min-width:300px"
      >
        <div
          class="rt-tr"
          role="row"
        >
          <div
            class="rt-th rt-resizable-header -cursor-pointer"
            role="columnheader"
            style="flex:100 0 auto;width:100px"
            tabindex="-1"
          >
            <div
              class="rt-resizable-header-content"
            >
              Name
            </div>
            <div
              class="rt-resizer"
            />
          </div>
          <div
            class="rt-th rt-resizable-header -cursor-pointer"
            role="columnheader"
            style="flex:100 0 auto;width:100px"
            tabindex="-1"
          >
            <div
              class="rt-resizable-header-content"
            >
              Grade
            </div>
            <div
              class="rt-resizer"
            />
          </div>
          <div
            class="rt-th ccmt-cff-no-click rt-resizable-header -cursor-pointer"
            role="columnheader"
            style="flex:100 0 auto;width:100px"
            tabindex="-1"
          >
            <div
              class="rt-resizable-header-content"
            >
              Class
            </div>
            <div
              class="rt-resizer"
            />
          </div>
        </div>
      </div>
      <div
        class="rt-thead -filters"
        style="min-width:300px"
      >
        <div
          class="rt-tr"
          role="row"
        >
          <div
            class="rt-th"
            role="columnheader"
            style="flex:100 0 auto;width:100px"
            tabindex="-1"
          >
            <input
              style="width:100%"
              type="text"
              value=""
            />
          </div>
          <div
            class="rt-th"
            role="columnheader"
            style="flex:100 0 auto;width:100px"
            tabindex="-1"
          >
            <div
              class="rjsf"
            >
              <div
                class="form-group field field-undefined"
              >
                <select
                  class="form-control"
                  id="root"
                >
                  <option
                    selected=""
                    value=""
                  >
                    All
                  </option>
                  <option
                    value="CFF_FILTER_NONE"
                  >
                    None
                  </option>
                  <option
                    value="CFF_FILTER_DEFINED"
                  >
                    Defined
                  </option>
                  <option
                    value="Toddler"
                  >
                    Toddler
                  </option>
                  <option
                    value="Pre K"
                  >
                    Pre K
                  </option>
                  <option
                    value="KG"
                  >
                    KG
                  </option>
                  <option
                    value="1"
                  >
                    1
                  </option>
                  <option
                    value="2"
                  >
                    2
                  </option>
                  <option
                    value="3"
                  >
                    3
                  </option>
                  <option
                    value="4"
                  >
                    4
                  </option>
                  <option
                    value="5"
                  >
                    5
                  </option>
                  <option
                    value="6"
                  >
                    6
                  </option>
                  <option
                    value="7"
                  >
                    7
                  </option>
                  <option
                    value="8"
                  >
                    8
                  </option>
                  <option
                    value="9"
                  >
                    9
                  </option>
                  <option
                    value="10"
                  >
                    10
                  </option>
                  <option
                    value="11"
                  >
                    11
                  </option>
                  <option
                    value="12"
                  >
                    12
                  </option>
                </select>
              </div>
              <div
                class="d-none"
              />
            </div>
          </div>
          <div
            class="rt-th ccmt-cff-no-click"
            role="columnheader"
            style="flex:100 0 auto;width:100px"
            tabindex="-1"
          >
            <div
              class="rjsf"
            >
              <div
                class="form-group field field-string"
              >
                <select
                  class="form-control"
                  id="root"
                >
                  <option
                    selected=""
                    value=""
                  >
                    All
                  </option>
                  <option
                    value="CFF_FILTER_DEFINED"
                  >
                    Defined
                  </option>
                  <option
                    value="CFF_FILTER_NONE"
                  >
                    None
                  </option>
                  <option
                    value="CLASS1"
                  >
                    Class Name One
                  </option>
                  <option
                    value="CLASS2"
                  >
                    Class Name Two
                  </option>
                </select>
              </div>
              <div
                class="d-none"
              />
            </div>
          </div>
        </div>
      </div>
      <div
        class="rt-tbody"
        style="min-width:300px"
      >
        <div
          class="rt-tr-group"
          role="rowgroup"
        >
          <div
            class="rt-tr -odd"
            role="row"
          >
            <div
              class="rt-td"
              role="gridcell"
              style="flex:100 0 auto;width:100px"
            >
              ash2 ram
            </div>
            <div
              class="rt-td"
              role="gridcell"
              style="flex:100 0 auto;width:100px"
            >
              Toddler
            </div>
            <div
              class="rt-td"
              role="gridcell"
              style="flex:100 0 auto;width:100px"
            >
              <div
                class="rjsf"
              >
                <div
                  class="form-group field field-string"
                >
                  <select
                    class="form-control"
                    id="root"
                  >
                    <option
                      value=""
                    />
                    <option
                      value="CLASS1"
                    >
                      Class Name One
                    </option>
                    <option
                      selected=""
                      value="CLASS2"
                    >
                      Class Name Two
                    </option>
                  </select>
                </div>
                <div
                  class="d-none"
                />
              </div>
            </div>
          </div>
        </div>
        <div
          class="rt-tr-group"
          role="rowgroup"
        >
          <div
            class="rt-tr -even"
            role="row"
          >
            <div
              class="rt-td"
              role="gridcell"
              style="flex:100 0 auto;width:100px"
            >
              ash ram
            </div>
            <div
              class="rt-td"
              role="gridcell"
              style="flex:100 0 auto;width:100px"
            >
              Pre K
            </div>
            <div
              class="rt-td"
              role="gridcell"
              style="flex:100 0 auto;width:100px"
            >
              <div
                class="rjsf"
              >
                <div
                  class="form-group field field-string"
                >
                  <select
                    class="form-control"
                    id="root"
                  >
                    <option
                      value=""
                    />
                    <option
                      selected=""
                      value="CLASS1"
                    >
                      Class Name One
                    </option>
                    <option
                      value="CLASS2"
                    >
                      Class Name Two
                    </option>
                  </select>
                </div>
                <div
                  class="d-none"
                />
              </div>
            </div>
          </div>
        </div>
      </div>
    </div>
    <div
      class="pagination-bottom"
    >
      <div
        class="-pagination"
      >
        <div
          class="-previous"
        >
          <button
            class="-btn"
            disabled=""
            type="button"
          >
            Previous
          </button>
        </div>
        <div
          class="-center"
        >
          <span
            class="-pageInfo"
          >
            Page 
            <div
              class="-pageJump"
            >
              <input
                aria-label="jump to page"
                type="number"
                value="1"
              />
            </div>
             of 
            <span
              class="-totalPages"
            >
              1
            </span>
          </span>
          <span
            class="select-wrap -pageSizeOptions"
          >
            <select
              aria-label="rows per page"
            >
              <option
                value="5"
              >
                5 rows
              </option>
              <option
                value="10"
              >
                10 rows
              </option>
              <option
                selected=""
                value="20"
              >
                20 rows
              </option>
              <option
                value="25"
              >
                25 rows
              </option>
              <option
                value="50"
              >
                50 rows
              </option>
              <option
                value="100"
              >
                100 rows
              </option>
            </select>
          </span>
        </div>
        <div
          class="-next"
        >
          <button
            class="-btn"
            disabled=""
            type="button"
          >
            Next
          </button>
        </div>
      </div>
    </div>
    <div
      class="-loading"
    >
      <div
        class="-loading-inner"
      >
        Loading...
      </div>
    </div>
  </div>
</div>
`;

exports[`renders response table with groups and displaying another model 1`] = `
<div>
  <button
    class="btn btn-outline-primary"
  >
    Download CSV
  </button>
  <div
    class="ReactTable"
  >
    <div
      class="rt-table"
      role="grid"
    >
      <div
        class="rt-thead -header"
        style="min-width:500px"
      >
        <div
          class="rt-tr"
          role="row"
        >
          <div
            class="rt-th rt-resizable-header -cursor-pointer"
            role="columnheader"
            style="flex:100 0 auto;width:100px"
            tabindex="-1"
          >
            <div
              class="rt-resizable-header-content"
            >
              Name
            </div>
            <div
              class="rt-resizer"
            />
          </div>
          <div
            class="rt-th rt-resizable-header -cursor-pointer"
            role="columnheader"
            style="flex:100 0 auto;width:100px"
            tabindex="-1"
          >
            <div
              class="rt-resizable-header-content"
            >
              Grade
            </div>
            <div
              class="rt-resizer"
            />
          </div>
          <div
            class="rt-th rt-resizable-header -cursor-pointer"
            role="columnheader"
            style="flex:100 0 auto;width:100px"
            tabindex="-1"
          >
            <div
              class="rt-resizable-header-content"
            >
              Class Name
            </div>
            <div
              class="rt-resizer"
            />
          </div>
          <div
            class="rt-th rt-resizable-header -cursor-pointer"
            role="columnheader"
            style="flex:100 0 auto;width:100px"
            tabindex="-1"
          >
            <div
              class="rt-resizable-header-content"
            >
              Teacher Name
            </div>
            <div
              class="rt-resizer"
            />
          </div>
          <div
            class="rt-th rt-resizable-header -cursor-pointer"
            role="columnheader"
            style="flex:100 0 auto;width:100px"
            tabindex="-1"
          >
            <div
              class="rt-resizable-header-content"
            >
              Teacher Email
            </div>
            <div
              class="rt-resizer"
            />
          </div>
        </div>
      </div>
      <div
        class="rt-thead -filters"
        style="min-width:500px"
      >
        <div
          class="rt-tr"
          role="row"
        >
          <div
            class="rt-th"
            role="columnheader"
            style="flex:100 0 auto;width:100px"
            tabindex="-1"
          >
            <input
              style="width:100%"
              type="text"
              value=""
            />
          </div>
          <div
            class="rt-th"
            role="columnheader"
            style="flex:100 0 auto;width:100px"
            tabindex="-1"
          >
            <div
              class="rjsf"
            >
              <div
                class="form-group field field-undefined"
              >
                <select
                  class="form-control"
                  id="root"
                >
                  <option
                    selected=""
                    value=""
                  >
                    All
                  </option>
                  <option
                    value="CFF_FILTER_NONE"
                  >
                    None
                  </option>
                  <option
                    value="CFF_FILTER_DEFINED"
                  >
                    Defined
                  </option>
                  <option
                    value="Toddler"
                  >
                    Toddler
                  </option>
                  <option
                    value="Pre K"
                  >
                    Pre K
                  </option>
                  <option
                    value="KG"
                  >
                    KG
                  </option>
                  <option
                    value="1"
                  >
                    1
                  </option>
                  <option
                    value="2"
                  >
                    2
                  </option>
                  <option
                    value="3"
                  >
                    3
                  </option>
                  <option
                    value="4"
                  >
                    4
                  </option>
                  <option
                    value="5"
                  >
                    5
                  </option>
                  <option
                    value="6"
                  >
                    6
                  </option>
                  <option
                    value="7"
                  >
                    7
                  </option>
                  <option
                    value="8"
                  >
                    8
                  </option>
                  <option
                    value="9"
                  >
                    9
                  </option>
                  <option
                    value="10"
                  >
                    10
                  </option>
                  <option
                    value="11"
                  >
                    11
                  </option>
                  <option
                    value="12"
                  >
                    12
                  </option>
                </select>
              </div>
              <div
                class="d-none"
              />
            </div>
          </div>
          <div
            class="rt-th"
            role="columnheader"
            style="flex:100 0 auto;width:100px"
            tabindex="-1"
          />
          <div
            class="rt-th"
            role="columnheader"
            style="flex:100 0 auto;width:100px"
            tabindex="-1"
          />
          <div
            class="rt-th"
            role="columnheader"
            style="flex:100 0 auto;width:100px"
            tabindex="-1"
          />
        </div>
      </div>
      <div
        class="rt-tbody"
        style="min-width:500px"
      >
        <div
          class="rt-tr-group"
          role="rowgroup"
        >
          <div
            class="rt-tr -odd"
            role="row"
          >
            <div
              class="rt-td"
              role="gridcell"
              style="flex:100 0 auto;width:100px"
            >
              ash2 ram
            </div>
            <div
              class="rt-td"
              role="gridcell"
              style="flex:100 0 auto;width:100px"
            >
              Toddler
            </div>
            <div
              class="rt-td"
              role="gridcell"
              style="flex:100 0 auto;width:100px"
            >
              Class Name Two
            </div>
            <div
              class="rt-td"
              role="gridcell"
              style="flex:100 0 auto;width:100px"
            />
            <div
              class="rt-td"
              role="gridcell"
              style="flex:100 0 auto;width:100px"
            />
          </div>
        </div>
        <div
          class="rt-tr-group"
          role="rowgroup"
        >
          <div
            class="rt-tr -even"
            role="row"
          >
            <div
              class="rt-td"
              role="gridcell"
              style="flex:100 0 auto;width:100px"
            >
              ash ram
            </div>
            <div
              class="rt-td"
              role="gridcell"
              style="flex:100 0 auto;width:100px"
            >
              Pre K
            </div>
            <div
              class="rt-td"
              role="gridcell"
              style="flex:100 0 auto;width:100px"
            >
              Class Name One
            </div>
            <div
              class="rt-td"
              role="gridcell"
              style="flex:100 0 auto;width:100px"
            >
              TeacherClass1First TeacherClass1Last
            </div>
            <div
              class="rt-td"
              role="gridcell"
              style="flex:100 0 auto;width:100px"
            >
              teacherclass1first@m.com
            </div>
          </div>
        </div>
      </div>
    </div>
    <div
      class="pagination-bottom"
    >
      <div
        class="-pagination"
      >
        <div
          class="-previous"
        >
          <button
            class="-btn"
            disabled=""
            type="button"
          >
            Previous
          </button>
        </div>
        <div
          class="-center"
        >
          <span
            class="-pageInfo"
          >
            Page 
            <div
              class="-pageJump"
            >
              <input
                aria-label="jump to page"
                type="number"
                value="1"
              />
            </div>
             of 
            <span
              class="-totalPages"
            >
              1
            </span>
          </span>
          <span
            class="select-wrap -pageSizeOptions"
          >
            <select
              aria-label="rows per page"
            >
              <option
                value="5"
              >
                5 rows
              </option>
              <option
                value="10"
              >
                10 rows
              </option>
              <option
                selected=""
                value="20"
              >
                20 rows
              </option>
              <option
                value="25"
              >
                25 rows
              </option>
              <option
                value="50"
              >
                50 rows
              </option>
              <option
                value="100"
              >
                100 rows
              </option>
            </select>
          </span>
        </div>
        <div
          class="-next"
        >
          <button
            class="-btn"
            disabled=""
            type="button"
          >
            Next
          </button>
        </div>
      </div>
    </div>
    <div
      class="-loading"
    >
      <div
        class="-loading-inner"
      >
        Loading...
      </div>
    </div>
  </div>
</div>
`;

exports[`responses with default data 1`] = `
<div>
  <button
    class="btn btn-outline-primary"
  >
    Download CSV
  </button>
  <div
    class="ReactTable"
  >
    <div
      class="rt-table"
      role="grid"
    >
      <div
        class="rt-thead -header"
        style="min-width:800px"
      >
        <div
          class="rt-tr"
          role="row"
        >
          <div
            class="rt-th rt-resizable-header -cursor-pointer"
            role="columnheader"
            style="flex:100 0 auto;width:100px"
            tabindex="-1"
          >
            <div
              class="rt-resizable-header-content"
            >
              Parent Names
            </div>
            <div
              class="rt-resizer"
            />
          </div>
          <div
            class="rt-th rt-resizable-header -cursor-pointer"
            role="columnheader"
            style="flex:100 0 auto;width:100px"
            tabindex="-1"
          >
            <div
              class="rt-resizable-header-content"
            >
              Phone numbers
            </div>
            <div
              class="rt-resizer"
            />
          </div>
          <div
            class="rt-th rt-resizable-header -cursor-pointer"
            role="columnheader"
            style="flex:100 0 auto;width:100px"
            tabindex="-1"
          >
            <div
              class="rt-resizable-header-content"
            >
              Parent email addresses
            </div>
            <div
              class="rt-resizer"
            />
          </div>
          <div
            class="rt-th rt-resizable-header -cursor-pointer"
            role="columnheader"
            style="flex:100 0 auto;width:100px"
            tabindex="-1"
          >
            <div
              class="rt-resizable-header-content"
            >
              Home address
            </div>
            <div
              class="rt-resizer"
            />
          </div>
          <div
            class="rt-th rt-resizable-header -cursor-pointer"
            role="columnheader"
            style="flex:100 0 auto;width:100px"
            tabindex="-1"
          >
            <div
              class="rt-resizable-header-content"
            >
              Child first names
            </div>
            <div
              class="rt-resizer"
            />
          </div>
          <div
            class="rt-th rt-resizable-header -cursor-pointer"
            role="columnheader"
            style="flex:100 0 auto;width:100px"
            tabindex="-1"
          >
            <div
              class="rt-resizable-header-content"
            >
              Returning family
            </div>
            <div
              class="rt-resizer"
            />
          </div>
          <div
            class="rt-th rt-resizable-header -cursor-pointer"
            role="columnheader"
            style="flex:100 0 auto;width:100px"
            tabindex="-1"
          >
            <div
              class="rt-resizable-header-content"
            >
              Fees due
            </div>
            <div
              class="rt-resizer"
            />
          </div>
          <div
            class="rt-th rt-resizable-header -cursor-pointer"
            role="columnheader"
            style="flex:100 0 auto;width:100px"
            tabindex="-1"
          >
            <div
              class="rt-resizable-header-content"
            >
              Amount paid
            </div>
            <div
              class="rt-resizer"
            />
          </div>
        </div>
      </div>
      <div
        class="rt-thead -filters"
        style="min-width:800px"
      >
        <div
          class="rt-tr"
          role="row"
        >
          <div
            class="rt-th"
            role="columnheader"
            style="flex:100 0 auto;width:100px"
            tabindex="-1"
          >
            <input
              style="width:100%"
              type="text"
              value=""
            />
          </div>
          <div
            class="rt-th"
            role="columnheader"
            style="flex:100 0 auto;width:100px"
            tabindex="-1"
          >
            <input
              style="width:100%"
              type="text"
              value=""
            />
          </div>
          <div
            class="rt-th"
            role="columnheader"
            style="flex:100 0 auto;width:100px"
            tabindex="-1"
          >
            <input
              style="width:100%"
              type="text"
              value=""
            />
          </div>
          <div
            class="rt-th"
            role="columnheader"
            style="flex:100 0 auto;width:100px"
            tabindex="-1"
          >
            <input
              style="width:100%"
              type="text"
              value=""
            />
          </div>
          <div
            class="rt-th"
            role="columnheader"
            style="flex:100 0 auto;width:100px"
            tabindex="-1"
          >
            <input
              style="width:100%"
              type="text"
              value=""
            />
          </div>
          <div
            class="rt-th"
            role="columnheader"
            style="flex:100 0 auto;width:100px"
            tabindex="-1"
          >
            <input
              style="width:100%"
              type="text"
              value=""
            />
          </div>
          <div
            class="rt-th"
            role="columnheader"
            style="flex:100 0 auto;width:100px"
            tabindex="-1"
          >
            <input
              style="width:100%"
              type="text"
              value=""
            />
          </div>
          <div
            class="rt-th"
            role="columnheader"
            style="flex:100 0 auto;width:100px"
            tabindex="-1"
          >
            <input
              style="width:100%"
              type="text"
              value=""
            />
          </div>
        </div>
      </div>
      <div
        class="rt-tbody"
        style="min-width:800px"
      >
        <div
          class="rt-tr-group"
          role="rowgroup"
        >
          <div
            class="rt-tr -odd"
            role="row"
          >
            <div
              class="rt-td"
              role="gridcell"
              style="flex:100 0 auto;width:100px"
            >
              mom ram, dad ram
            </div>
            <div
              class="rt-td"
              role="gridcell"
              style="flex:100 0 auto;width:100px"
            >
              1231234311 1231231233, 1231231233
            </div>
            <div
              class="rt-td"
              role="gridcell"
              style="flex:100 0 auto;width:100px"
            >
              mom@chinmayamission.com, dad@chinmayamission.com
            </div>
            <div
              class="rt-td"
              role="gridcell"
              style="flex:100 0 auto;width:100px"
            >
              123 abc st  johns creek GA 30022
            </div>
            <div
              class="rt-td"
              role="gridcell"
              style="flex:100 0 auto;width:100px"
            >
              ash, ash2
            </div>
            <div
              class="rt-td"
              role="gridcell"
              style="flex:100 0 auto;width:100px"
            >
              NO
            </div>
            <div
              class="rt-td"
              role="gridcell"
              style="flex:100 0 auto;width:100px"
            >
              $510.00
            </div>
            <div
              class="rt-td"
              role="gridcell"
              style="flex:100 0 auto;width:100px"
            >
              $100.00
            </div>
          </div>
        </div>
      </div>
    </div>
    <div
      class="pagination-bottom"
    >
      <div
        class="-pagination"
      >
        <div
          class="-previous"
        >
          <button
            class="-btn"
            disabled=""
            type="button"
          >
            Previous
          </button>
        </div>
        <div
          class="-center"
        >
          <span
            class="-pageInfo"
          >
            Page 
            <div
              class="-pageJump"
            >
              <input
                aria-label="jump to page"
                type="number"
                value="1"
              />
            </div>
             of 
            <span
              class="-totalPages"
            >
              1
            </span>
          </span>
          <span
            class="select-wrap -pageSizeOptions"
          >
            <select
              aria-label="rows per page"
            >
              <option
                value="5"
              >
                5 rows
              </option>
              <option
                value="10"
              >
                10 rows
              </option>
              <option
                selected=""
                value="20"
              >
                20 rows
              </option>
              <option
                value="25"
              >
                25 rows
              </option>
              <option
                value="50"
              >
                50 rows
              </option>
              <option
                value="100"
              >
                100 rows
              </option>
            </select>
          </span>
        </div>
        <div
          class="-next"
        >
          <button
            class="-btn"
            disabled=""
            type="button"
          >
            Next
          </button>
        </div>
      </div>
    </div>
    <div
      class="-loading"
    >
      <div
        class="-loading-inner"
      >
        Loading...
      </div>
    </div>
  </div>
</div>
`;

exports[`responses with unwind data 1`] = `
<div>
  <button
    class="btn btn-outline-primary"
  >
    Download CSV
  </button>
  <div
    class="ReactTable"
  >
    <div
      class="rt-table"
      role="grid"
    >
      <div
        class="rt-thead -header"
        style="min-width:1200px"
      >
        <div
          class="rt-tr"
          role="row"
        >
          <div
            class="rt-th rt-resizable-header -cursor-pointer"
            role="columnheader"
            style="flex:100 0 auto;width:100px"
            tabindex="-1"
          >
            <div
              class="rt-resizable-header-content"
            >
              First Name
            </div>
            <div
              class="rt-resizer"
            />
          </div>
          <div
            class="rt-th rt-resizable-header -cursor-pointer"
            role="columnheader"
            style="flex:100 0 auto;width:100px"
            tabindex="-1"
          >
            <div
              class="rt-resizable-header-content"
            >
              Last Name
            </div>
            <div
              class="rt-resizer"
            />
          </div>
          <div
            class="rt-th rt-resizable-header -cursor-pointer"
            role="columnheader"
            style="flex:100 0 auto;width:100px"
            tabindex="-1"
          >
            <div
              class="rt-resizable-header-content"
            >
              Gender
            </div>
            <div
              class="rt-resizer"
            />
          </div>
          <div
            class="rt-th rt-resizable-header -cursor-pointer"
            role="columnheader"
            style="flex:100 0 auto;width:100px"
            tabindex="-1"
          >
            <div
              class="rt-resizable-header-content"
            >
              Date of Birth
            </div>
            <div
              class="rt-resizer"
            />
          </div>
          <div
            class="rt-th rt-resizable-header -cursor-pointer"
            role="columnheader"
            style="flex:100 0 auto;width:100px"
            tabindex="-1"
          >
            <div
              class="rt-resizable-header-content"
            >
              Grade
            </div>
            <div
              class="rt-resizer"
            />
          </div>
          <div
            class="rt-th rt-resizable-header -cursor-pointer"
            role="columnheader"
            style="flex:100 0 auto;width:100px"
            tabindex="-1"
          >
            <div
              class="rt-resizable-header-content"
            >
              Email
            </div>
            <div
              class="rt-resizer"
            />
          </div>
          <div
            class="rt-th rt-resizable-header -cursor-pointer"
            role="columnheader"
            style="flex:100 0 auto;width:100px"
            tabindex="-1"
          >
            <div
              class="rt-resizable-header-content"
            >
              Allergies
            </div>
            <div
              class="rt-resizer"
            />
          </div>
          <div
            class="rt-th rt-resizable-header -cursor-pointer"
            role="columnheader"
            style="flex:100 0 auto;width:100px"
            tabindex="-1"
          >
            <div
              class="rt-resizable-header-content"
            >
              Parent Names
            </div>
            <div
              class="rt-resizer"
            />
          </div>
          <div
            class="rt-th rt-resizable-header -cursor-pointer"
            role="columnheader"
            style="flex:100 0 auto;width:100px"
            tabindex="-1"
          >
            <div
              class="rt-resizable-header-content"
            >
              Phone numbers
            </div>
            <div
              class="rt-resizer"
            />
          </div>
          <div
            class="rt-th rt-resizable-header -cursor-pointer"
            role="columnheader"
            style="flex:100 0 auto;width:100px"
            tabindex="-1"
          >
            <div
              class="rt-resizable-header-content"
            >
              Parent email addresses
            </div>
            <div
              class="rt-resizer"
            />
          </div>
          <div
            class="rt-th rt-resizable-header -cursor-pointer"
            role="columnheader"
            style="flex:100 0 auto;width:100px"
            tabindex="-1"
          >
            <div
              class="rt-resizable-header-content"
            >
              Home address
            </div>
            <div
              class="rt-resizer"
            />
          </div>
          <div
            class="rt-th rt-resizable-header -cursor-pointer"
            role="columnheader"
            style="flex:100 0 auto;width:100px"
            tabindex="-1"
          >
            <div
              class="rt-resizable-header-content"
            >
              Volunteering
            </div>
            <div
              class="rt-resizer"
            />
          </div>
        </div>
      </div>
      <div
        class="rt-thead -filters"
        style="min-width:1200px"
      >
        <div
          class="rt-tr"
          role="row"
        >
          <div
            class="rt-th"
            role="columnheader"
            style="flex:100 0 auto;width:100px"
            tabindex="-1"
          >
            <input
              style="width:100%"
              type="text"
              value=""
            />
          </div>
          <div
            class="rt-th"
            role="columnheader"
            style="flex:100 0 auto;width:100px"
            tabindex="-1"
          >
            <input
              style="width:100%"
              type="text"
              value=""
            />
          </div>
          <div
            class="rt-th"
            role="columnheader"
            style="flex:100 0 auto;width:100px"
            tabindex="-1"
          >
            <input
              style="width:100%"
              type="text"
              value=""
            />
          </div>
          <div
            class="rt-th"
            role="columnheader"
            style="flex:100 0 auto;width:100px"
            tabindex="-1"
          >
            <input
              style="width:100%"
              type="text"
              value=""
            />
          </div>
          <div
            class="rt-th"
            role="columnheader"
            style="flex:100 0 auto;width:100px"
            tabindex="-1"
          >
            <div
              class="rjsf"
            >
              <div
                class="form-group field field-undefined"
              >
                <select
                  class="form-control"
                  id="root"
                >
                  <option
                    selected=""
                    value=""
                  >
                    All
                  </option>
                  <option
                    value="CFF_FILTER_NONE"
                  >
                    None
                  </option>
                  <option
                    value="CFF_FILTER_DEFINED"
                  >
                    Defined
                  </option>
                  <option
                    value="Toddler"
                  >
                    Toddler
                  </option>
                  <option
                    value="Pre K"
                  >
                    Pre K
                  </option>
                  <option
                    value="KG"
                  >
                    KG
                  </option>
                  <option
                    value="1"
                  >
                    1
                  </option>
                  <option
                    value="2"
                  >
                    2
                  </option>
                  <option
                    value="3"
                  >
                    3
                  </option>
                  <option
                    value="4"
                  >
                    4
                  </option>
                  <option
                    value="5"
                  >
                    5
                  </option>
                  <option
                    value="6"
                  >
                    6
                  </option>
                  <option
                    value="7"
                  >
                    7
                  </option>
                  <option
                    value="8"
                  >
                    8
                  </option>
                  <option
                    value="9"
                  >
                    9
                  </option>
                  <option
                    value="10"
                  >
                    10
                  </option>
                  <option
                    value="11"
                  >
                    11
                  </option>
                  <option
                    value="12"
                  >
                    12
                  </option>
                </select>
              </div>
              <div
                class="d-none"
              />
            </div>
          </div>
          <div
            class="rt-th"
            role="columnheader"
            style="flex:100 0 auto;width:100px"
            tabindex="-1"
          >
            <input
              style="width:100%"
              type="text"
              value=""
            />
          </div>
          <div
            class="rt-th"
            role="columnheader"
            style="flex:100 0 auto;width:100px"
            tabindex="-1"
          >
            <input
              style="width:100%"
              type="text"
              value=""
            />
          </div>
          <div
            class="rt-th"
            role="columnheader"
            style="flex:100 0 auto;width:100px"
            tabindex="-1"
          >
            <input
              style="width:100%"
              type="text"
              value=""
            />
          </div>
          <div
            class="rt-th"
            role="columnheader"
            style="flex:100 0 auto;width:100px"
            tabindex="-1"
          >
            <input
              style="width:100%"
              type="text"
              value=""
            />
          </div>
          <div
            class="rt-th"
            role="columnheader"
            style="flex:100 0 auto;width:100px"
            tabindex="-1"
          >
            <input
              style="width:100%"
              type="text"
              value=""
            />
          </div>
          <div
            class="rt-th"
            role="columnheader"
            style="flex:100 0 auto;width:100px"
            tabindex="-1"
          >
            <input
              style="width:100%"
              type="text"
              value=""
            />
          </div>
          <div
            class="rt-th"
            role="columnheader"
            style="flex:100 0 auto;width:100px"
            tabindex="-1"
          >
            <div
              class="rjsf"
            >
              <div
                class="form-group field field-undefined"
              >
                <select
                  class="form-control"
                  id="root"
                >
                  <option
                    selected=""
                    value=""
                  >
                    All
                  </option>
                  <option
                    value="CFF_FILTER_NONE"
                  >
                    None
                  </option>
                  <option
                    value="CFF_FILTER_DEFINED"
                  >
                    Defined
                  </option>
                  <option
                    value="Teaching"
                  >
                    Teaching
                  </option>
                  <option
                    value="Backup teacher"
                  >
                    Backup teacher
                  </option>
                  <option
                    value="Art activity"
                  >
                    Art activity
                  </option>
                  <option
                    value="Music"
                  >
                    Music
                  </option>
                  <option
                    value="Dance"
                  >
                    Dance
                  </option>
                  <option
                    value="Technology"
                  >
                    Technology
                  </option>
                  <option
                    value="Cooking"
                  >
                    Cooking
                  </option>
                  <option
                    value="Event organization"
                  >
                    Event organization
                  </option>
                  <option
                    value="General"
                  >
                    General
                  </option>
                </select>
              </div>
              <div
                class="d-none"
              />
            </div>
          </div>
        </div>
      </div>
      <div
        class="rt-tbody"
        style="min-width:1200px"
      >
        <div
          class="rt-tr-group"
          role="rowgroup"
        >
          <div
            class="rt-tr -odd"
            role="row"
          >
            <div
              class="rt-td"
              role="gridcell"
              style="flex:100 0 auto;width:100px"
            >
              ash2
            </div>
            <div
              class="rt-td"
              role="gridcell"
              style="flex:100 0 auto;width:100px"
            >
              ram
            </div>
            <div
              class="rt-td"
              role="gridcell"
              style="flex:100 0 auto;width:100px"
            >
              M
            </div>
            <div
              class="rt-td"
              role="gridcell"
              style="flex:100 0 auto;width:100px"
            >
              9301-01-14
            </div>
            <div
              class="rt-td"
              role="gridcell"
              style="flex:100 0 auto;width:100px"
            >
              Toddler
            </div>
            <div
              class="rt-td"
              role="gridcell"
              style="flex:100 0 auto;width:100px"
            >
              sib@chinmayamission.com
            </div>
            <div
              class="rt-td"
              role="gridcell"
              style="flex:100 0 auto;width:100px"
            >
              onions and garlic
            </div>
            <div
              class="rt-td"
              role="gridcell"
              style="flex:100 0 auto;width:100px"
            >
              mom ram, dad ram
            </div>
            <div
              class="rt-td"
              role="gridcell"
              style="flex:100 0 auto;width:100px"
            >
              1231234311 1231231233, 1231231233
            </div>
            <div
              class="rt-td"
              role="gridcell"
              style="flex:100 0 auto;width:100px"
            >
              mom@chinmayamission.com, dad@chinmayamission.com
            </div>
            <div
              class="rt-td"
              role="gridcell"
              style="flex:100 0 auto;width:100px"
            >
              123 abc st  johns creek GA 30022
            </div>
            <div
              class="rt-td"
              role="gridcell"
              style="flex:100 0 auto;width:100px"
            >
              Art activity, Dance, Teaching, Dance, Technology, Cooking, Event organization
            </div>
          </div>
        </div>
        <div
          class="rt-tr-group"
          role="rowgroup"
        >
          <div
            class="rt-tr -even"
            role="row"
          >
            <div
              class="rt-td"
              role="gridcell"
              style="flex:100 0 auto;width:100px"
            >
              ash
            </div>
            <div
              class="rt-td"
              role="gridcell"
              style="flex:100 0 auto;width:100px"
            >
              ram
            </div>
            <div
              class="rt-td"
              role="gridcell"
              style="flex:100 0 auto;width:100px"
            >
              M
            </div>
            <div
              class="rt-td"
              role="gridcell"
              style="flex:100 0 auto;width:100px"
            >
              1996-07-12
            </div>
            <div
              class="rt-td"
              role="gridcell"
              style="flex:100 0 auto;width:100px"
            >
              Pre K
            </div>
            <div
              class="rt-td"
              role="gridcell"
              style="flex:100 0 auto;width:100px"
            />
            <div
              class="rt-td"
              role="gridcell"
              style="flex:100 0 auto;width:100px"
            />
            <div
              class="rt-td"
              role="gridcell"
              style="flex:100 0 auto;width:100px"
            >
              mom ram, dad ram
            </div>
            <div
              class="rt-td"
              role="gridcell"
              style="flex:100 0 auto;width:100px"
            >
              1231234311 1231231233, 1231231233
            </div>
            <div
              class="rt-td"
              role="gridcell"
              style="flex:100 0 auto;width:100px"
            >
              mom@chinmayamission.com, dad@chinmayamission.com
            </div>
            <div
              class="rt-td"
              role="gridcell"
              style="flex:100 0 auto;width:100px"
            >
              123 abc st  johns creek GA 30022
            </div>
            <div
              class="rt-td"
              role="gridcell"
              style="flex:100 0 auto;width:100px"
            >
              Art activity, Dance, Teaching, Dance, Technology, Cooking, Event organization
            </div>
          </div>
        </div>
      </div>
    </div>
    <div
      class="pagination-bottom"
    >
      <div
        class="-pagination"
      >
        <div
          class="-previous"
        >
          <button
            class="-btn"
            disabled=""
            type="button"
          >
            Previous
          </button>
        </div>
        <div
          class="-center"
        >
          <span
            class="-pageInfo"
          >
            Page 
            <div
              class="-pageJump"
            >
              <input
                aria-label="jump to page"
                type="number"
                value="1"
              />
            </div>
             of 
            <span
              class="-totalPages"
            >
              1
            </span>
          </span>
          <span
            class="select-wrap -pageSizeOptions"
          >
            <select
              aria-label="rows per page"
            >
              <option
                value="5"
              >
                5 rows
              </option>
              <option
                value="10"
              >
                10 rows
              </option>
              <option
                selected=""
                value="20"
              >
                20 rows
              </option>
              <option
                value="25"
              >
                25 rows
              </option>
              <option
                value="50"
              >
                50 rows
              </option>
              <option
                value="100"
              >
                100 rows
              </option>
            </select>
          </span>
        </div>
        <div
          class="-next"
        >
          <button
            class="-btn"
            disabled=""
            type="button"
          >
            Next
          </button>
        </div>
      </div>
    </div>
    <div
      class="-loading"
    >
      <div
        class="-loading-inner"
      >
        Loading...
      </div>
    </div>
  </div>
</div>
`;
