// Jest Snapshot v1, https://goo.gl/fbAQLP

exports[`renders radio box 1`] = `
<form
  class="rjsf"
>
  <div
    class="form-group field field-object"
  >
    <div
      class="container-fluid"
    >
      <h2
        class="ccmt-cff-form-title"
      >
        Form
      </h2>
      <div />
      <div
        class="row"
      >
        <div
          class="form-group field field-boolean  col-12"
        >
          <div>
            <label
              class="control-label"
              for="root_donation"
            >
              <span>
                Donation?
              </span>
            </label>
          </div>
          <div
            class="field-radio-group"
          >
            <div
              class="radio "
            >
              <label>
                <span>
                  <input
                    name="0.2706574174218739"
                    type="radio"
                    value="true"
                  />
                  <span>
                    yes
                  </span>
                </span>
              </label>
            </div>
            <div
              class="radio "
            >
              <label>
                <span>
                  <input
                    name="0.2706574174218739"
                    type="radio"
                    value="false"
                  />
                  <span>
                    no
                  </span>
                </span>
              </label>
            </div>
          </div>
          <div />
          <div />
        </div>
      </div>
    </div>
    <div />
    <div />
  </div>
  <p>
    <button
      class="btn btn-info"
      type="submit"
    >
      Submit
    </button>
  </p>
</form>
`;
