// Jest Snapshot v1, https://goo.gl/fbAQLP

exports[`renders FormPage correctly 1`] = `
<div
  className="ccmt-cff-Page-FormPage "
>
  <CustomForm
    formData={Object {}}
    onChange={[Function]}
    onSubmit={[Function]}
    paymentCalcInfo={
      Object {
        "currency": "USD",
        "items": Array [
          Object {
            "amount": "150",
            "description": "With no children",
            "name": "2018-19 CMA Marietta Balavihar Family Registration",
            "quantity": "!donation and parents == 2 and children == 0",
          },
          Object {
            "amount": "300",
            "description": "With one child",
            "name": "2018-19 CMA Marietta Balavihar Family Registration",
            "quantity": "!donation and parents == 2 and children == 1",
          },
          Object {
            "amount": "450",
            "description": "With two or more children",
            "name": "2018-19 CMA Marietta Balavihar Family Registration",
            "quantity": "!donation and parents == 2 and children >= 2",
          },
          Object {
            "amount": "2000",
            "description": "Includes: CMA family membership for 1 year, including Bala Vihar fees; Complimentary tickets to fund-raising events benefiting CMA for 1 year",
            "name": "2018-19 CMA Marietta Balavihar Registration - One-time donation",
            "quantity": "donation",
          },
        ],
      }
    }
    schema={
      Object {
        "definitions": Object {
          "name": Object {
            "properties": Object {
              "first": Object {
                "title": "First Name",
                "type": "string",
              },
              "last": Object {
                "title": "Last Name",
                "type": "string",
              },
            },
            "required": Array [
              "first",
              "last",
            ],
            "title": " ",
            "type": "object",
          },
        },
        "description": "<strong>Note:</strong> This form is for registration at the Marietta location. If you need to register for the Alpharetta location, <a href='https://www.chinmayamissionalpharetta.org/registration/'>please go to the Alpharetta registration form</a>.<br><br>",
        "properties": Object {
          "accept_terms": Object {
            "description": "You will receive our weekly newsletter and teacher communication at the email address you have given. Please be aware of this.<br>You can edit your cell phone, email address, & street address.",
            "title": "Terms and Conditions",
            "type": "boolean",
          },
          "address": Object {
            "properties": Object {
              "city": Object {
                "classNames": "threeColumn",
                "type": "string",
              },
              "line1": Object {
                "title": "Address Line 1",
                "type": "string",
              },
              "line2": Object {
                "title": "Address Line 2",
                "type": "string",
              },
              "state": Object {
                "classNames": "threeColumn",
                "enum": Array [
                  "GA",
                ],
                "type": "string",
              },
              "zipcode": Object {
                "classNames": "threeColumn",
                "type": "string",
              },
            },
            "required": Array [
              "line1",
              "city",
              "state",
              "zipcode",
            ],
            "state": Object {
              "classNames": "col-12 col-sm-6 col-md-4",
            },
            "type": "object",
            "zipcode": Object {
              "classNames": "col-12 col-sm-6 col-md-4",
            },
          },
          "children": Object {
            "items": Object {
              "properties": Object {
                "allergies": Object {
                  "title": "Allergies (any we should know of)?",
                  "type": "string",
                },
                "dob": Object {
                  "format": "date",
                  "title": "Date of Birth",
                  "type": "string",
                },
                "email": Object {
                  "format": "email",
                  "title": "Email (if any)",
                  "type": "string",
                },
                "grade": Object {
                  "enum": Array [
                    "Pre K",
                    "KG",
                    "1",
                    "2",
                    "3",
                    "4",
                    "5",
                    "6",
                    "7",
                    "8",
                    "9",
                    "10",
                    "11",
                    "12",
                  ],
                  "title": "Grade in September 2018",
                  "type": "string",
                },
                "interests": Object {
                  "items": Object {
                    "enum": Array [
                      "Art",
                      "Singing",
                      "Music",
                      "Dance",
                      "Sports",
                      "Cooking",
                      "Writing",
                      "Coding",
                    ],
                    "type": "string",
                  },
                  "title": "Tell us about your interests",
                  "type": "array",
                  "uniqueItems": true,
                },
                "language_class": Object {
                  "description": "Minimum requirement for Language Classes:<br>Sanskrit=4th grade and up<br>Hindi: Grade 1 and up<br>Gujarati=Toddler and up<br>All other languages=KG and up",
                  "enum": Array [
                    "Gujarati",
                    "Hindi",
                    "Sanskrit",
                    "Tamil",
                    "Telegu",
                    "Malayalam",
                    "Kannada",
                    "Marathi",
                  ],
                  "title": "Language Class",
                  "type": "string",
                },
                "name": Object {
                  "$ref": "#/definitions/name",
                },
                "previous": Object {
                  "description": "",
                  "title": "Have you previously attended Balavihar?",
                  "type": "boolean",
                },
              },
              "required": Array [
                "name",
                "grade",
                "dob",
              ],
              "title": "Child Information",
              "type": "object",
            },
            "minItems": 1,
            "type": "array",
          },
          "donation": Object {
            "description": "This includes:<ul><li>CMA family membership for 1 year, including Bala Vihar fees</li><li>Complimentary tickets to fund-raising events benefiting CMA for 1 year</li></ul>",
            "title": "Would you like to do a one time donation of $2,000 for this year instead?",
            "type": "boolean",
          },
          "parents": Object {
            "items": Object {
              "properties": Object {
                "email": Object {
                  "format": "email",
                  "type": "string",
                },
                "name": Object {
                  "$ref": "#/definitions/name",
                },
                "phone": Object {
                  "title": "Phone Number",
                  "type": "string",
                },
                "previous": Object {
                  "title": "Have you previously been involved in Chinmaya Mission?",
                  "type": "boolean",
                },
                "volunteer": Object {
                  "enum": Array [
                    "Teaching",
                    "Backup teacher",
                    "Art activity",
                    "Music",
                    "Dance",
                    "Technology",
                    "Cooking",
                    "Event organization",
                  ],
                  "title": "Would you like to volunteer at CMA Marietta? If so, how?",
                  "type": "string",
                },
              },
              "required": Array [
                "name",
                "email",
              ],
              "title": " ",
              "type": "object",
            },
            "maxItems": 2,
            "minItems": 2,
            "type": "array",
          },
          "subscribe": Object {
            "description": "I would like to be informed by email about future events from Chinmaya Mission.",
            "title": "I would like to be informed about future Chinmaya Mission events by email.",
            "type": "boolean",
          },
        },
        "required": Array [
          "parents",
          "subscribe",
          "donation",
          "accept_terms",
        ],
        "title": "<img src='https://www.chinmayamissionalpharetta.org/wp-content/themes/cma/img/headerImg.png' style='width:50%;display:block;margin:auto;'><br>2018-19 Marietta Balavihar Registration Form",
        "type": "object",
      }
    }
    showPaymentTable={true}
    uiSchema={
      Object {
        "address": Object {
          "city": Object {
            "classNames": "col-12 col-sm-6 col-md-4",
          },
          "classNames": "col-12",
          "line1": Object {
            "classNames": "col-12 col-sm-6",
          },
          "line2": Object {
            "classNames": "col-12 col-sm-6",
          },
          "state": Object {
            "classNames": "col-12 col-sm-6 col-md-4",
          },
          "ui:order": Array [
            "line1",
            "line2",
            "city",
            "state",
            "zipcode",
          ],
          "zipcode": Object {
            "classNames": "col-12 col-sm-6 col-md-4",
          },
        },
        "children": Object {
          "classNames": "col-12",
          "items": Object {
            "allergies": Object {
              "classNames": "col-12 col-sm-6",
              "ui:widget": "textarea",
            },
            "dob": Object {
              "classNames": "col-12 col-sm-6",
            },
            "email": Object {
              "classNames": "col-12 col-sm-6",
            },
            "grade": Object {
              "classNames": "col-12 col-sm-6",
            },
            "interests": Object {
              "classNames": "col-12 col-sm-6",
              "ui:widget": "checkboxes",
            },
            "language_class": Object {
              "classNames": "col-12 col-sm-6",
            },
            "name": Object {
              "classNames": "col-12",
              "first": Object {
                "classNames": "col-12 col-sm-6",
              },
              "last": Object {
                "classNames": "col-12 col-sm-6",
              },
              "ui:order": Array [
                "first",
                "last",
              ],
            },
            "previous": Object {
              "classNames": "col-12",
              "ui:widget": "radio",
            },
            "required": Array [
              "name",
              "dob",
              "grade",
            ],
            "ui:order": Array [
              "name",
              "dob",
              "grade",
              "email",
              "language_class",
              "previous",
              "allergies",
              "interests",
            ],
          },
        },
        "contact_name": Object {
          "first": Object {
            "classNames": "col-12 col-sm-6",
          },
          "last": Object {
            "classNames": "col-12 col-sm-6",
          },
          "ui:order": Array [
            "first",
            "last",
          ],
        },
        "donation": Object {
          "classNames": "col-12",
          "ui:widget": "radio",
        },
        "geeta_class": Object {
          "classNames": "col-12",
          "ui:widget": "radio",
        },
        "parents": Object {
          "classNames": "col-12",
          "items": Object {
            "email": Object {
              "classNames": "col-12 col-sm-6 col-md-3",
            },
            "name": Object {
              "classNames": "col-12 col-md-6",
              "first": Object {
                "classNames": "col-12 col-sm-6",
              },
              "last": Object {
                "classNames": "col-12 col-sm-6",
              },
              "ui:order": Array [
                "first",
                "last",
              ],
            },
            "phone": Object {
              "classNames": "col-12 col-sm-6 col-md-3",
            },
            "previous": Object {
              "classNames": "col-12",
              "ui:widget": "radio",
            },
            "ui:order": Array [
              "name",
              "phone",
              "email",
              "previous",
              "volunteer",
            ],
          },
        },
        "subscribe": Object {
          "classNames": "col-12",
          "ui:widget": "radio",
        },
        "ui:cff:background": "#ff7600",
        "ui:order": Array [
          "parents",
          "children",
          "address",
          "subscribe",
          "donation",
          "accept_terms",
        ],
      }
    }
  />
</div>
`;
